// Jest Snapshot v1, https://goo.gl/fbAQLP

exports[`Container component requires a child component 1`] = `
<div
  className="container"
>
  <span>
    Test
  </span>
</div>
`;
