// Jest Snapshot v1, https://goo.gl/fbAQLP

exports[`Row component requires a child component 1`] = `
<div
  className="row"
>
  <span>
    Test
  </span>
</div>
`;
